// Jest Snapshot v1, https://goo.gl/fbAQLP

exports[`<Home /> should render 1`] = `
<Fragment>
  <WithStyles(Card)
    className="card"
  >
    <WithStyles(CardContent)
      className="card-content"
    >
      <img
        alt="home page"
        loading="eager"
        src="home-image.png"
      />
      <WithStyles(Typography)
        variant="h5"
      >
        <strong>
          MoDEL_CNS
        </strong>
         is a platform designed to provide web-access to 
        <strong>
          atomistic-MD trajectories
        </strong>
         for relevant
         
        <strong>
          signal transduction proteins
        </strong>
        .
      </WithStyles(Typography)>
      <WithStyles(Typography)
        variant="h5"
      >
        The project is part of the Service for providing molecular simulation-based predictions for systems neurobiology of the
         
        <strong>
          Human Brain Project
        </strong>
        .
      </WithStyles(Typography)>
      <WithStyles(Typography)
        variant="h5"
      >
        <strong>
          MoDEL_CNS
        </strong>
         expands the 
        <strong>
          Mo
        </strong>
        lecular 
        <strong>
          D
        </strong>
        ynamics 
        <strong>
          E
        </strong>
        xtended 
        <strong>
          L
        </strong>
        ibrary (
        <a
          href="http://mmb.pcb.ub.es/MoDEL/"
          rel="noopener noreferrer"
          target="_blank"
        >
          MoDEL
        </a>
        ) database of atomistic Molecular Dynamics trajectories with proteins involved in 
        <strong>
          Central Nervous System
        </strong>
         (CNS) processes, including membrane proteins.
      </WithStyles(Typography)>
      <WithStyles(Typography)
        variant="h5"
      >
        <strong>
          MoDEL_CNS web server interface
        </strong>
         presents the resulting trajectories, analyses, and protein properties. All data produced by the project is available to download.
      </WithStyles(Typography)>
      <WithStyles(Typography)
        className="with-background"
        variant="h5"
      >
        <strong>
          MoDEL_CNS
        </strong>
         will contribute in the improvement of the understanding of neuronal signalling cascades by protein structure-based simulations, calculating molecular flexibility and dynamics, and guiding systems level modelling.
      </WithStyles(Typography)>
    </WithStyles(CardContent)>
  </WithStyles(Card)>
  <WithStyles(Fab)
    className="browse-fab"
    color="primary"
    component={[Function]}
    to="/browse"
    variant="extended"
  >
    Browse
  </WithStyles(Fab)>
</Fragment>
`;
