// Jest Snapshot v1, https://goo.gl/fbAQLP

exports[`<NGLViewerWithControls /> should render 1`] = `
<div
  className="fullscreen-target"
>
  <WithStyles(ForwardRef(CardContent))
    className="card-content"
  >
    <Memo([object Object])
      darkBackground={true}
      membraneOpacity={0.5}
      nFrames={25}
      onProgress={[Function]}
      perspective={false}
      playing={true}
      smooth={false}
      speed={50}
      spinning={false}
    />
    <div
      className="progress dark"
      onClick={[Function]}
      onMouseMove={[Function]}
    >
      <WithStyles(ForwardRef(LinearProgress))
        color="secondary"
        value={0}
        variant="determinate"
      />
    </div>
    <div
      className="controls"
    >
      <WithStyles(ForwardRef(IconButton))
        onClick={[Function]}
        title="Previous frame"
      >
        <SkipPreviousIcon />
      </WithStyles(ForwardRef(IconButton))>
      <WithStyles(ForwardRef(IconButton))
        onClick={[Function]}
        title="Pause"
      >
        <PauseIcon />
      </WithStyles(ForwardRef(IconButton))>
      <WithStyles(ForwardRef(IconButton))
        onClick={[Function]}
        title="Next frame"
      >
        <SkipNextIcon />
      </WithStyles(ForwardRef(IconButton))>
      <WithStyles(ForwardRef(IconButton))
        onClick={[Function]}
        title="Toggle spin"
      >
        <ThreeSixtyIcon />
      </WithStyles(ForwardRef(IconButton))>
      <WithStyles(ForwardRef(IconButton))
        onClick={[Function]}
        title="Center focus"
      >
        <CenterFocusStrongIcon />
      </WithStyles(ForwardRef(IconButton))>
      <WithStyles(ForwardRef(IconButton))
        disabled={false}
        onClick={[Function]}
        title="Toggle smooth interpolation on (may display artifacts for simulation box border atoms)"
      >
        <VideocamIcon />
      </WithStyles(ForwardRef(IconButton))>
      <WithStyles(ForwardRef(IconButton))
        className="background-toggle dark"
        onClick={[Function]}
        title="Invert background color"
      >
        <InvertColorsIcon />
      </WithStyles(ForwardRef(IconButton))>
      <WithStyles(ForwardRef(IconButton))
        onClick={[Function]}
        title="Switch to perspective view"
      >
        <LayersClearIcon />
      </WithStyles(ForwardRef(IconButton))>
      <Memo()
        className="slider"
        handleChange={[Function]}
        label="Membrane opacity:"
        title="Change membrane opacity"
        value={50}
      >
        <FlipIcon />
      </Memo()>
      <Memo()
        className="slider"
        handleChange={[Function]}
        label="Player speed:"
        title="Change player speed"
        value={50}
      >
        <DirectionsRunIcon />
      </Memo()>
      <WithStyles(ForwardRef(FormControl))>
        <WithStyles(ForwardRef(InputLabel))>
          frames
        </WithStyles(ForwardRef(InputLabel))>
        <WithStyles(ForwardRef(Select))
          native={true}
          onChange={[Function]}
          value={25}
        >
          <option
            value={10}
          >
            10
          </option>
          <option
            value={25}
          >
            25
          </option>
          <option
            value={50}
          >
            50
          </option>
          <option
            value={100}
          >
            100
          </option>
          <option
            value={500}
          >
            500
          </option>
        </WithStyles(ForwardRef(Select))>
      </WithStyles(ForwardRef(FormControl))>
    </div>
  </WithStyles(ForwardRef(CardContent))>
</div>
`;
