// Jest Snapshot v1, https://goo.gl/fbAQLP

exports[`<Contact /> should render 1`] = `
<WithStyles(ForwardRef(Card))
  className="card"
>
  <WithStyles(ForwardRef(CardContent))
    className="card-content"
  >
    <WithStyles(ForwardRef(Typography))
      variant="h5"
    >
      Get in touch with us
    </WithStyles(ForwardRef(Typography))>
    <a
      href="http://mmb.irbbarcelona.org/www/locationmap"
      rel="noopener noreferrer"
      target="_blank"
    >
      See on the IRB Molecular Modeling and Bioinformatics group website
    </a>
  </WithStyles(ForwardRef(CardContent))>
</WithStyles(ForwardRef(Card))>
`;
