// Jest Snapshot v1, https://goo.gl/fbAQLP

exports[`<Header /> should render 1`] = `
<WithStyles(ForwardRef(AppBar))
  position="sticky"
>
  <WithStyles(ForwardRef(Toolbar))
    className="toolbar"
  >
    <Link
      title="home"
      to="/"
    >
      <picture>
        <source
          srcSet="logo.webp"
          type="image/webp"
        />
        <LazyImg
          alt="Logo - Link to home page"
          height="103px"
          loading="lazy"
          src="logo.png"
          width="200px"
        />
      </picture>
    </Link>
    <_default />
  </WithStyles(ForwardRef(Toolbar))>
</WithStyles(ForwardRef(AppBar))>
`;
